python : C:\Users\therh\AppData\Roaming\Python\Python314\site-packages\requests
\__init__.py:113: RequestsDependencyWarning: urllib3 (2.6.3) or chardet 
(6.0.0.post1)/charset_normalizer (3.4.4) doesn't match a supported version!
At line:1 char:1
+ python test_payment_flow.py > test_output.txt 2>&1 ; Get-Content test ...
+ ~~~~~~~~~~~~~~~~~~~~~~~~~~~~~~~~~~~~~~~~~~~~~~~~~~
    + CategoryInfo          : NotSpecified: (C:\Users\therh\...ported version! 
   :String) [], RemoteException
    + FullyQualifiedErrorId : NativeCommandError
 
  warnings.warn(

======================================================================
STEP 1: Register Test Accounts
======================================================================

[*] Registering poster...
[API] POST /auth/register
   Status: 201
   Response: {
  "message": "Registration successful",
  "success": true,
  "token": "eyJhbGciOiJIUzI1NiIsInR5cCI6IkpXVCJ9.eyJ1c2VyX2lkIjoiVEUxOUQwNkQyOUQ0OEQzQzc2NSIsImVtYWlsIjoicG9zdGVyXzE3NzM5MzU5NTdAdGVzdC5jb2...
[OK] POSTER registered successfully
   Token: eyJhbGciOiJIUzI1NiIs...
   User ID: TE19D06D29D48D3C765

[*] Registering helper...
[API] POST /auth/register
   Status: 201
   Response: {
  "message": "Registration successful",
  "success": true,
  "token": "eyJhbGciOiJIUzI1NiIsInR5cCI6IkpXVCJ9.eyJ1c2VyX2lkIjoiVEUxOUQwNkQyQTdFMDUwMTc2NCIsImVtYWlsIjoiaGVscGVyXzE3NzM5MzU5NTdAdGVzdC5jb2...
[OK] HELPER registered successfully
   Token: eyJhbGciOiJIUzI1NiIs...
   User ID: TE19D06D2A7E0501764

======================================================================
STEP 2: Check Initial Wallet Balances
======================================================================
Traceback (most recent call last):
  File "C:\Users\therh\Desktop\ToDo\test_payment_flow.py", line 120, in 
<module>
    print(f"\n\U0001f4b0 Getting {role} wallet...")
    ~~~~~^^^^^^^^^^^^^^^^^^^^^^^^^^^^^^^^^^
  File "C:\Python314\Lib\encodings\cp1252.py", line 19, in encode
    return codecs.charmap_encode(input,self.errors,encoding_table)[0]
           ~~~~~~~~~~~~~~~~~~~~~^^^^^^^^^^^^^^^^^^^^^^^^^^^^^^^^^^
UnicodeEncodeError: 'charmap' codec can't encode character '\U0001f4b0' in 
position 2: character maps to <undefined>
